     1                                  ; Indirect Register + Offset Addressing
     2                                  ; a program to add ten numbers
     3                                  [org 0x0100]
     4 00000000 BB0000                  	mov bx, 0       ; initialize array index to zero
     5 00000003 B90A00                  	mov cx, 10     ; load count in cx for looping
     6 00000006 B80000                  	mov ax, 0       ; initialize sum with zero
     7                                  
     8 00000009 0387[1F00]              label: 	add ax,  [num+bx]   ; add number to ax, bx act as adress index incrementer
     9 0000000D 81C30200                	add bx , 2       ; reposition bx to next no
    10 00000011 81E90100                	sub cx, 1        ; decrement count by 1
    11 00000015 75F2                    	jnz label	      ; jump program counter IP to label and start executing program from there, continue untill zero flag isnt set.
    12                                  	
    13 00000017 A3[3300]                	mov [total], ax   ; write back sum in memory
    14                                  	
    15 0000001A B8004C                  	mov ax, 0x4c00
    16 0000001D CD21                    	int 0x21
    17                                  
    18 0000001F 0A0014001E00280032-     num: 	dw  10, 20, 30, 40, 50, 60, 70, 80, 90, 100 
    19 00000028 003C00460050005A00-
    20 00000031 6400               
    21 00000033 0000                    total:	dw   0
